[2024-03-19T17:43:34.448+0000][0.004s] Using G1
[2024-03-19T17:43:34.563+0000][0.119s] Version: 17.0.10+7 (release)
[2024-03-19T17:43:34.563+0000][0.119s] CPUs: 12 total, 12 available
[2024-03-19T17:43:34.563+0000][0.119s] Memory: 7840M
[2024-03-19T17:43:34.563+0000][0.119s] Large Page Support: Disabled
[2024-03-19T17:43:34.563+0000][0.119s] NUMA Support: Disabled
[2024-03-19T17:43:34.563+0000][0.120s] Compressed Oops: Enabled (32-bit)
[2024-03-19T17:43:34.563+0000][0.120s] Heap Region Size: 1M
[2024-03-19T17:43:34.564+0000][0.120s] Heap Min Capacity: 512M
[2024-03-19T17:43:34.564+0000][0.120s] Heap Initial Capacity: 512M
[2024-03-19T17:43:34.564+0000][0.120s] Heap Max Capacity: 512M
[2024-03-19T17:43:34.564+0000][0.120s] Pre-touch: Enabled
[2024-03-19T17:43:34.564+0000][0.120s] Parallel Workers: 10
[2024-03-19T17:43:34.564+0000][0.120s] Concurrent Workers: 3
[2024-03-19T17:43:34.564+0000][0.120s] Concurrent Refinement Workers: 10
[2024-03-19T17:43:34.564+0000][0.121s] Periodic GC: Disabled
[2024-03-19T17:43:34.574+0000][0.130s] CDS archive(s) mapped at: [0x0000000200000000-0x0000000200a5f000-0x0000000200a5f000), size 10874880, SharedBaseAddress: 0x0000000200000000, ArchiveRelocationMode: 1.
[2024-03-19T17:43:34.574+0000][0.130s] Compressed class space mapped at: 0x0000000201000000-0x0000000241000000, reserved size: 1073741824
[2024-03-19T17:43:34.574+0000][0.130s] Narrow klass base: 0x0000000200000000, Narrow klass shift: 0, Narrow klass range: 0x100000000
[2024-03-19T17:43:34.886+0000][0.442s] GC(0) Pause Young (Normal) (G1 Evacuation Pause)
[2024-03-19T17:43:34.886+0000][0.442s] GC(0) Using 10 workers of 10 for evacuation
[2024-03-19T17:43:34.891+0000][0.448s] GC(0)   Pre Evacuate Collection Set: 0.1ms
[2024-03-19T17:43:34.892+0000][0.448s] GC(0)   Merge Heap Roots: 0.1ms
[2024-03-19T17:43:34.892+0000][0.448s] GC(0)   Evacuate Collection Set: 2.4ms
[2024-03-19T17:43:34.892+0000][0.448s] GC(0)   Post Evacuate Collection Set: 0.5ms
[2024-03-19T17:43:34.892+0000][0.448s] GC(0)   Other: 2.6ms
[2024-03-19T17:43:34.892+0000][0.448s] GC(0) Eden regions: 29->0(58)
[2024-03-19T17:43:34.892+0000][0.449s] GC(0) Survivor regions: 0->4(4)
[2024-03-19T17:43:34.893+0000][0.449s] GC(0) Old regions: 0->1
[2024-03-19T17:43:34.893+0000][0.449s] GC(0) Archive regions: 2->2
[2024-03-19T17:43:34.893+0000][0.449s] GC(0) Humongous regions: 0->0
[2024-03-19T17:43:34.893+0000][0.449s] GC(0) Metaspace: 9785K(10048K)->9785K(10048K) NonClass: 8579K(8704K)->8579K(8704K) Class: 1205K(1344K)->1205K(1344K)
[2024-03-19T17:43:34.894+0000][0.450s] GC(0) Pause Young (Normal) (G1 Evacuation Pause) 29M->5M(512M) 7.735ms
[2024-03-19T17:43:34.894+0000][0.450s] GC(0) User=0.02s Sys=0.00s Real=0.01s
[2024-03-19T17:43:35.125+0000][0.681s] GC(1) Pause Young (Normal) (G1 Evacuation Pause)
[2024-03-19T17:43:35.125+0000][0.682s] GC(1) Using 10 workers of 10 for evacuation
[2024-03-19T17:43:35.129+0000][0.685s] GC(1)   Pre Evacuate Collection Set: 0.1ms
[2024-03-19T17:43:35.129+0000][0.685s] GC(1)   Merge Heap Roots: 0.1ms
[2024-03-19T17:43:35.129+0000][0.685s] GC(1)   Evacuate Collection Set: 2.6ms
[2024-03-19T17:43:35.129+0000][0.685s] GC(1)   Post Evacuate Collection Set: 0.5ms
[2024-03-19T17:43:35.129+0000][0.686s] GC(1)   Other: 0.4ms
[2024-03-19T17:43:35.130+0000][0.686s] GC(1) Eden regions: 58->0(136)
[2024-03-19T17:43:35.130+0000][0.686s] GC(1) Survivor regions: 4->8(8)
[2024-03-19T17:43:35.130+0000][0.686s] GC(1) Old regions: 1->7
[2024-03-19T17:43:35.130+0000][0.686s] GC(1) Archive regions: 2->2
[2024-03-19T17:43:35.130+0000][0.686s] GC(1) Humongous regions: 4->4
[2024-03-19T17:43:35.130+0000][0.686s] GC(1) Metaspace: 17692K(17920K)->17692K(17920K) NonClass: 15502K(15616K)->15502K(15616K) Class: 2189K(2304K)->2189K(2304K)
[2024-03-19T17:43:35.130+0000][0.686s] GC(1) Pause Young (Normal) (G1 Evacuation Pause) 67M->19M(512M) 5.152ms
[2024-03-19T17:43:35.130+0000][0.687s] GC(1) User=0.03s Sys=0.00s Real=0.00s
[2024-03-19T17:43:35.285+0000][0.841s] GC(2) Pause Young (Concurrent Start) (Metadata GC Threshold)
[2024-03-19T17:43:35.285+0000][0.842s] GC(2) Using 10 workers of 10 for evacuation
[2024-03-19T17:43:35.288+0000][0.844s] GC(2)   Pre Evacuate Collection Set: 0.1ms
[2024-03-19T17:43:35.288+0000][0.845s] GC(2)   Merge Heap Roots: 0.1ms
[2024-03-19T17:43:35.289+0000][0.845s] GC(2)   Evacuate Collection Set: 1.7ms
[2024-03-19T17:43:35.289+0000][0.845s] GC(2)   Post Evacuate Collection Set: 0.4ms
[2024-03-19T17:43:35.289+0000][0.845s] GC(2)   Other: 0.6ms
[2024-03-19T17:43:35.289+0000][0.845s] GC(2) Eden regions: 55->0(211)
[2024-03-19T17:43:35.289+0000][0.845s] GC(2) Survivor regions: 8->13(18)
[2024-03-19T17:43:35.289+0000][0.845s] GC(2) Old regions: 7->7
[2024-03-19T17:43:35.289+0000][0.845s] GC(2) Archive regions: 2->2
[2024-03-19T17:43:35.289+0000][0.845s] GC(2) Humongous regions: 5->4
[2024-03-19T17:43:35.289+0000][0.846s] GC(2) Metaspace: 21201K(21504K)->21201K(21504K) NonClass: 18583K(18752K)->18583K(18752K) Class: 2617K(2752K)->2617K(2752K)
[2024-03-19T17:43:35.290+0000][0.846s] GC(2) Pause Young (Concurrent Start) (Metadata GC Threshold) 75M->24M(512M) 4.322ms
[2024-03-19T17:43:35.290+0000][0.846s] GC(2) User=0.03s Sys=0.01s Real=0.00s
[2024-03-19T17:43:35.290+0000][0.846s] GC(3) Concurrent Mark Cycle
[2024-03-19T17:43:35.290+0000][0.846s] GC(3) Concurrent Clear Claimed Marks
[2024-03-19T17:43:35.290+0000][0.846s] GC(3) Concurrent Clear Claimed Marks 0.137ms
[2024-03-19T17:43:35.290+0000][0.846s] GC(3) Concurrent Scan Root Regions
[2024-03-19T17:43:35.291+0000][0.848s] GC(3) Concurrent Scan Root Regions 1.290ms
[2024-03-19T17:43:35.292+0000][0.848s] GC(3) Concurrent Mark
[2024-03-19T17:43:35.292+0000][0.848s] GC(3) Concurrent Mark From Roots
[2024-03-19T17:43:35.292+0000][0.848s] GC(3) Using 3 workers of 3 for marking
[2024-03-19T17:43:35.294+0000][0.850s] GC(3) Concurrent Mark From Roots 2.457ms
[2024-03-19T17:43:35.294+0000][0.850s] GC(3) Concurrent Preclean
[2024-03-19T17:43:35.294+0000][0.851s] GC(3) Concurrent Preclean 0.124ms
[2024-03-19T17:43:35.295+0000][0.851s] GC(3) Pause Remark
[2024-03-19T17:43:35.296+0000][0.852s] GC(3) Pause Remark 25M->25M(512M) 1.354ms
[2024-03-19T17:43:35.296+0000][0.852s] GC(3) User=0.01s Sys=0.00s Real=0.00s
[2024-03-19T17:43:35.296+0000][0.852s] GC(3) Concurrent Mark 4.633ms
[2024-03-19T17:43:35.296+0000][0.853s] GC(3) Concurrent Rebuild Remembered Sets
[2024-03-19T17:43:35.299+0000][0.855s] GC(3) Concurrent Rebuild Remembered Sets 2.705ms
[2024-03-19T17:43:35.300+0000][0.856s] GC(3) Pause Cleanup
[2024-03-19T17:43:35.300+0000][0.856s] GC(3) Pause Cleanup 26M->26M(512M) 0.281ms
[2024-03-19T17:43:35.300+0000][0.856s] GC(3) User=0.00s Sys=0.00s Real=0.00s
[2024-03-19T17:43:35.300+0000][0.857s] GC(3) Concurrent Cleanup for Next Mark
[2024-03-19T17:43:35.302+0000][0.858s] GC(3) Concurrent Cleanup for Next Mark 1.128ms
[2024-03-19T17:43:35.303+0000][0.859s] GC(3) Concurrent Mark Cycle 12.865ms
[2024-03-19T17:43:35.857+0000][1.413s] GC(4) Pause Young (Concurrent Start) (GCLocker Initiated GC)
[2024-03-19T17:43:35.857+0000][1.413s] GC(4) Using 10 workers of 10 for evacuation
[2024-03-19T17:43:35.866+0000][1.422s] GC(4)   Pre Evacuate Collection Set: 0.5ms
[2024-03-19T17:43:35.866+0000][1.422s] GC(4)   Merge Heap Roots: 0.1ms
[2024-03-19T17:43:35.866+0000][1.423s] GC(4)   Evacuate Collection Set: 6.1ms
[2024-03-19T17:43:35.867+0000][1.423s] GC(4)   Post Evacuate Collection Set: 1.5ms
[2024-03-19T17:43:35.867+0000][1.423s] GC(4)   Other: 1.0ms
[2024-03-19T17:43:35.867+0000][1.423s] GC(4) Eden regions: 95->0(288)
[2024-03-19T17:43:35.867+0000][1.424s] GC(4) Survivor regions: 13->19(29)
[2024-03-19T17:43:35.869+0000][1.425s] GC(4) Old regions: 7->7
[2024-03-19T17:43:35.869+0000][1.425s] GC(4) Archive regions: 2->2
[2024-03-19T17:43:35.870+0000][1.426s] GC(4) Humongous regions: 4->4
[2024-03-19T17:43:35.870+0000][1.426s] GC(4) Metaspace: 35753K(36224K)->35753K(36224K) NonClass: 31290K(31552K)->31290K(31552K) Class: 4463K(4672K)->4463K(4672K)
[2024-03-19T17:43:35.870+0000][1.426s] GC(4) Pause Young (Concurrent Start) (GCLocker Initiated GC) 119M->30M(512M) 13.427ms
[2024-03-19T17:43:35.871+0000][1.427s] GC(4) User=0.04s Sys=0.00s Real=0.02s
[2024-03-19T17:43:35.871+0000][1.427s] GC(5) Concurrent Mark Cycle
[2024-03-19T17:43:35.872+0000][1.428s] GC(5) Concurrent Clear Claimed Marks
[2024-03-19T17:43:35.872+0000][1.428s] GC(5) Concurrent Clear Claimed Marks 0.390ms
[2024-03-19T17:43:35.873+0000][1.429s] GC(5) Concurrent Scan Root Regions
[2024-03-19T17:43:35.876+0000][1.432s] GC(5) Concurrent Scan Root Regions 3.179ms
[2024-03-19T17:43:35.877+0000][1.433s] GC(5) Concurrent Mark
[2024-03-19T17:43:35.877+0000][1.434s] GC(5) Concurrent Mark From Roots
[2024-03-19T17:43:35.878+0000][1.434s] GC(5) Using 3 workers of 3 for marking
[2024-03-19T17:43:35.882+0000][1.439s] GC(5) Concurrent Mark From Roots 4.828ms
[2024-03-19T17:43:35.883+0000][1.439s] GC(5) Concurrent Preclean
[2024-03-19T17:43:35.884+0000][1.440s] GC(5) Concurrent Preclean 0.803ms
[2024-03-19T17:43:35.885+0000][1.441s] GC(5) Pause Remark
[2024-03-19T17:43:35.887+0000][1.443s] GC(5) Pause Remark 33M->33M(512M) 2.149ms
[2024-03-19T17:43:35.887+0000][1.443s] GC(5) User=0.00s Sys=0.00s Real=0.00s
[2024-03-19T17:43:35.887+0000][1.443s] GC(5) Concurrent Mark 9.921ms
[2024-03-19T17:43:35.891+0000][1.447s] GC(5) Concurrent Rebuild Remembered Sets
[2024-03-19T17:43:35.892+0000][1.448s] GC(5) Concurrent Rebuild Remembered Sets 1.700ms
[2024-03-19T17:43:35.894+0000][1.450s] GC(5) Pause Cleanup
[2024-03-19T17:43:35.894+0000][1.450s] GC(5) Pause Cleanup 33M->33M(512M) 0.209ms
[2024-03-19T17:43:35.894+0000][1.450s] GC(5) User=0.01s Sys=0.00s Real=0.00s
[2024-03-19T17:43:35.894+0000][1.450s] GC(5) Concurrent Cleanup for Next Mark
[2024-03-19T17:43:35.896+0000][1.452s] GC(5) Concurrent Cleanup for Next Mark 1.519ms
[2024-03-19T17:43:35.897+0000][1.453s] GC(5) Concurrent Mark Cycle 25.192ms
[2024-03-19T17:44:09.462+0000][35.018s] GC(6) Pause Young (Concurrent Start) (G1 Evacuation Pause)
[2024-03-19T17:44:09.462+0000][35.019s] GC(6) Using 10 workers of 10 for evacuation
[2024-03-19T17:44:09.530+0000][35.086s] GC(6)   Pre Evacuate Collection Set: 0.7ms
[2024-03-19T17:44:09.530+0000][35.086s] GC(6)   Merge Heap Roots: 0.2ms
[2024-03-19T17:44:09.530+0000][35.087s] GC(6)   Evacuate Collection Set: 63.2ms
[2024-03-19T17:44:09.530+0000][35.087s] GC(6)   Post Evacuate Collection Set: 2.5ms
[2024-03-19T17:44:09.530+0000][35.087s] GC(6)   Other: 1.5ms
[2024-03-19T17:44:09.531+0000][35.087s] GC(6) Eden regions: 288->0(262)
[2024-03-19T17:44:09.531+0000][35.087s] GC(6) Survivor regions: 19->36(39)
[2024-03-19T17:44:09.531+0000][35.087s] GC(6) Old regions: 7->7
[2024-03-19T17:44:09.531+0000][35.087s] GC(6) Archive regions: 2->2
[2024-03-19T17:44:09.531+0000][35.087s] GC(6) Humongous regions: 4->4
[2024-03-19T17:44:09.531+0000][35.087s] GC(6) Metaspace: 56203K(56704K)->56203K(56704K) NonClass: 49072K(49344K)->49072K(49344K) Class: 7130K(7360K)->7130K(7360K)
[2024-03-19T17:44:09.531+0000][35.087s] GC(6) Pause Young (Concurrent Start) (G1 Evacuation Pause) 318M->47M(512M) 68.968ms
[2024-03-19T17:44:09.531+0000][35.087s] GC(6) User=0.45s Sys=0.01s Real=0.07s
[2024-03-19T17:44:09.531+0000][35.087s] GC(7) Concurrent Mark Cycle
[2024-03-19T17:44:09.531+0000][35.087s] GC(7) Concurrent Clear Claimed Marks
[2024-03-19T17:44:09.532+0000][35.088s] GC(7) Concurrent Clear Claimed Marks 0.639ms
[2024-03-19T17:44:09.532+0000][35.089s] GC(7) Concurrent Scan Root Regions
[2024-03-19T17:44:09.536+0000][35.093s] GC(7) Concurrent Scan Root Regions 4.090ms
[2024-03-19T17:44:09.537+0000][35.093s] GC(7) Concurrent Mark
[2024-03-19T17:44:09.537+0000][35.093s] GC(7) Concurrent Mark From Roots
[2024-03-19T17:44:09.537+0000][35.093s] GC(7) Using 3 workers of 3 for marking
[2024-03-19T17:44:09.540+0000][35.096s] GC(7) Concurrent Mark From Roots 3.413ms
[2024-03-19T17:44:09.540+0000][35.096s] GC(7) Concurrent Preclean
[2024-03-19T17:44:09.540+0000][35.097s] GC(7) Concurrent Preclean 0.185ms
[2024-03-19T17:44:09.541+0000][35.097s] GC(7) Pause Remark
[2024-03-19T17:44:09.544+0000][35.100s] GC(7) Pause Remark 47M->47M(512M) 3.341ms
[2024-03-19T17:44:09.544+0000][35.100s] GC(7) User=0.01s Sys=0.00s Real=0.00s
[2024-03-19T17:44:09.544+0000][35.101s] GC(7) Concurrent Mark 7.764ms
[2024-03-19T17:44:09.545+0000][35.101s] GC(7) Concurrent Rebuild Remembered Sets
[2024-03-19T17:44:09.546+0000][35.102s] GC(7) Concurrent Rebuild Remembered Sets 1.386ms
[2024-03-19T17:44:09.546+0000][35.102s] GC(7) Pause Cleanup
[2024-03-19T17:44:09.546+0000][35.102s] GC(7) Pause Cleanup 47M->47M(512M) 0.133ms
[2024-03-19T17:44:09.546+0000][35.103s] GC(7) User=0.00s Sys=0.00s Real=0.00s
[2024-03-19T17:44:09.546+0000][35.103s] GC(7) Concurrent Cleanup for Next Mark
[2024-03-19T17:44:09.548+0000][35.104s] GC(7) Concurrent Cleanup for Next Mark 1.227ms
[2024-03-19T17:44:09.548+0000][35.104s] GC(7) Concurrent Mark Cycle 16.691ms
